captcha verification: 
    "TokenExpiredError":- Token expired
    "Invalid token":- Provided token is not valid